[LOG] system_create                            : Header version = 2.03.06. Current version = 2.03.06.
[LOG] Manager::init                            : maxchannels = 256 studioflags = 00000006 flags 00000000 extradriverdata 0000000000000000.
[LOG] SystemI::init                            : Initialize version=20306 (149358), maxchannels=256, flags=0x00020000
[LOG] SystemI::setOutputInternal               : Setting output to 'FMOD WASAPI Output'
[LOG] OutputWASAPI::init                       : Mix Format (WAVEFORMATEX): wFormatTag=0xFFFE, nChannels=8, nSamplesPerSec=44100, nAvgBytesPerSec=1411200, nBlockAlign=32, wBitsPerSample=32, cbSize=22.
[LOG] OutputWASAPI::init                       : Mix Format (WAVEFORMATEXTENSIBLE): wValidBitsPerSample=32, dwChannelMask=0x0000063F, SubFormat=00000003-0000-0010-8000-00AA00389B71.
[LOG] OutputWASAPI::init                       : Output buffer size: 1880 samples, latency: 0.00ms, period: 10.00ms, DSP buffer: 512 * 4
[LOG] SystemI::init                            : Output requires a sample rate of 44100Hz, resampling will occur.
[LOG] DownMix::init                            : dspbuffersize: 512  rate: 48000. output speaker mode: 7, input speaker mode 3
[LOG] DownMix::init                            : done.
[LOG] Thread::initThread                       : Init FMOD stream thread. Affinity: 0x4000000000000003, Priority: 0xFFFF7FFB, Stack Size: 98304, Semaphore: No, Sleep Time: 10, Looping: Yes.
[LOG] SystemI::DSPCodecPoolRegister            : register codec pool for pool type 0
[LOG] Thread::initThread                       : Init FMOD mixer thread. Affinity: 0x4000000000000001, Priority: 0xFFFF7FFA, Stack Size: 81920, Semaphore: No, Sleep Time: 0, Looping: Yes.
[LOG] AsyncManager::init                       : manager 0000024F4A924D48 isAsync 0 updatePeriod 0.02
[LOG] AsyncManager::init                       : done
[LOG] PlaybackSystem::init                     : 
[LOG] Thread::initThread                       : Init FMOD Studio sample load thread. Affinity: 0x4000000000000003, Priority: 0xFFFF7FFD, Stack Size: 98304, Semaphore: No, Sleep Time: 1, Looping: No.
[LOG] PlaybackSystem::init                     : done
[LOG] Thread::initThread                       : Init FMOD Studio bank load thread. Affinity: 0x4000000000000003, Priority: 0xFFFF7FFD, Stack Size: 98304, Semaphore: No, Sleep Time: 1, Looping: No.
[LOG] Manager::init                            : done.
[LOG] BankLoader::serializeBank                : fileversion = 146, compatVersion = 146 (oldest = 44, newest = 146)
[LOG] BankLoader::serializeBank                : fileversion = 146, compatVersion = 146 (oldest = 44, newest = 146)
[LOG] BankLoader::serializeBank                : fileversion = 146, compatVersion = 146 (oldest = 44, newest = 146)
[LOG] PlaybackSystem::acquireMasterBus         : Setting master channel group format to 6
[LOG] SystemI::createSoundInternal             : Create name='', mode=0x02000202
[LOG] SystemI::createSoundInternal             : exinfo->cbsize             = 224
[LOG] SystemI::createSoundInternal             : exinfo->length             = 3993504
[LOG] SystemI::createSoundInternal             : exinfo->fileoffset         = 13152
[LOG] SystemI::createSoundInternal             : exinfo->numsubsounds       = 1
[LOG] SystemI::createSoundInternal             : exinfo->inclusionlist      = 0000004F386FF0A8
[LOG] SystemI::createSoundInternal             : exinfo->inclusionlistnum   = 1
[LOG] SystemI::createSoundInternal             : exinfo->suggestedsoundtype = 5
[LOG] SystemI::createSoundInternal             : exinfo->useropen           = 00007FFB9F4CD3E0
[LOG] SystemI::createSoundInternal             : exinfo->userclose          = 00007FFB9F4CD3A0
[LOG] SystemI::createSoundInternal             : exinfo->userread           = 00007FFB9F4CD4C0
[LOG] SystemI::createSoundInternal             : exinfo->userseek           = 00007FFB9F4CD580
[LOG] SystemI::createSoundInternal             : exinfo->fileuserdata       = 0000024DFDB7AB38
[LOG] SystemI::createSoundInternal             : exinfo->initialseekpostype = 1
[LOG] SystemI::DSPCodecPoolRegister            : register codec pool for pool type 4
[LOG] SystemI::createSoundInternal             : Sample 0/1: name='snow_impact_light', format=5, channels=2, frequency=48000, lengthbytes=4928, lengthpcm=36864, pcmblocksize=0, loopstart=0, loopend=0, mode=0x00000000, channelmask=0x00000000, channelorder=0, peakvolume=0.317017.
[LOG] SystemI::createSoundInternal             : Create name='', mode=0x02000202
[LOG] SystemI::createSoundInternal             : exinfo->cbsize             = 224
[LOG] SystemI::createSoundInternal             : exinfo->length             = 3993504
[LOG] SystemI::createSoundInternal             : exinfo->fileoffset         = 13152
[LOG] SystemI::createSoundInternal             : exinfo->numsubsounds       = 1
[LOG] SystemI::createSoundInternal             : exinfo->inclusionlist      = 0000004F386FF0A8
[LOG] SystemI::createSoundInternal             : exinfo->inclusionlistnum   = 1
[LOG] SystemI::createSoundInternal             : exinfo->suggestedsoundtype = 5
[LOG] SystemI::createSoundInternal             : exinfo->useropen           = 00007FFB9F4CD3E0
[LOG] SystemI::createSoundInternal             : exinfo->userclose          = 00007FFB9F4CD3A0
[LOG] SystemI::createSoundInternal             : exinfo->userread           = 00007FFB9F4CD4C0
[LOG] SystemI::createSoundInternal             : exinfo->userseek           = 00007FFB9F4CD580
[LOG] SystemI::createSoundInternal             : exinfo->fileuserdata       = 0000024DFDB7D058
[LOG] SystemI::createSoundInternal             : exinfo->initialseekpostype = 1
[LOG] SystemI::DSPCodecPoolRegister            : register codec pool for pool type 4
[LOG] SystemI::createSoundInternal             : Sample 0/1: name='snow_footstep_2', format=5, channels=2, frequency=48000, lengthbytes=7616, lengthpcm=48384, pcmblocksize=0, loopstart=0, loopend=0, mode=0x00000000, channelmask=0x00000000, channelorder=0, peakvolume=0.315491.
[LOG] SystemI::createSoundInternal             : Create name='', mode=0x02000202
[LOG] SystemI::createSoundInternal             : exinfo->cbsize             = 224
[LOG] SystemI::createSoundInternal             : exinfo->length             = 3993504
[LOG] SystemI::createSoundInternal             : exinfo->fileoffset         = 13152
[LOG] SystemI::createSoundInternal             : exinfo->numsubsounds       = 1
[LOG] SystemI::createSoundInternal             : exinfo->inclusionlist      = 0000004F386FF0A8
[LOG] SystemI::createSoundInternal             : exinfo->inclusionlistnum   = 1
[LOG] SystemI::createSoundInternal             : exinfo->suggestedsoundtype = 5
[LOG] SystemI::createSoundInternal             : exinfo->useropen           = 00007FFB9F4CD3E0
[LOG] SystemI::createSoundInternal             : exinfo->userclose          = 00007FFB9F4CD3A0
[LOG] SystemI::createSoundInternal             : exinfo->userread           = 00007FFB9F4CD4C0
[LOG] SystemI::createSoundInternal             : exinfo->userseek           = 00007FFB9F4CD580
[LOG] SystemI::createSoundInternal             : exinfo->fileuserdata       = 0000024DFDB7D058
[LOG] SystemI::createSoundInternal             : exinfo->initialseekpostype = 1
[LOG] SystemI::DSPCodecPoolRegister            : register codec pool for pool type 4
[LOG] SystemI::createSoundInternal             : Sample 0/1: name='snow_footstep_4', format=5, channels=2, frequency=48000, lengthbytes=6912, lengthpcm=42624, pcmblocksize=0, loopstart=0, loopend=0, mode=0x00000000, channelmask=0x00000000, channelorder=0, peakvolume=0.312531.
[LOG] SystemI::createSoundInternal             : Create name='', mode=0x02000202
[LOG] SystemI::createSoundInternal             : exinfo->cbsize             = 224
[LOG] SystemI::createSoundInternal             : exinfo->length             = 3993504
[LOG] SystemI::createSoundInternal             : exinfo->fileoffset         = 13152
[LOG] SystemI::createSoundInternal             : exinfo->numsubsounds       = 1
[LOG] SystemI::createSoundInternal             : exinfo->inclusionlist      = 0000004F386FF0A8
[LOG] SystemI::createSoundInternal             : exinfo->inclusionlistnum   = 1
[LOG] SystemI::createSoundInternal             : exinfo->suggestedsoundtype = 5
[LOG] SystemI::createSoundInternal             : exinfo->useropen           = 00007FFB9F4CD3E0
[LOG] SystemI::createSoundInternal             : exinfo->userclose          = 00007FFB9F4CD3A0
[LOG] SystemI::createSoundInternal             : exinfo->userread           = 00007FFB9F4CD4C0
[LOG] SystemI::createSoundInternal             : exinfo->userseek           = 00007FFB9F4CD580
[LOG] SystemI::createSoundInternal             : exinfo->fileuserdata       = 0000024DFDB7D058
[LOG] SystemI::createSoundInternal             : exinfo->initialseekpostype = 1
[LOG] SystemI::DSPCodecPoolRegister            : register codec pool for pool type 4
[LOG] SystemI::createSoundInternal             : Sample 0/1: name='snow_footstep_3', format=5, channels=2, frequency=48000, lengthbytes=8768, lengthpcm=50688, pcmblocksize=0, loopstart=0, loopend=0, mode=0x00000000, channelmask=0x00000000, channelorder=0, peakvolume=0.313263.
[LOG] SystemI::createSoundInternal             : Create name='', mode=0x02000202
[LOG] SystemI::createSoundInternal             : exinfo->cbsize             = 224
[LOG] SystemI::createSoundInternal             : exinfo->length             = 3993504
[LOG] SystemI::createSoundInternal             : exinfo->fileoffset         = 13152
[LOG] SystemI::createSoundInternal             : exinfo->numsubsounds       = 1
[LOG] SystemI::createSoundInternal             : exinfo->inclusionlist      = 0000004F386FF0A8
[LOG] SystemI::createSoundInternal             : exinfo->inclusionlistnum   = 1
[LOG] SystemI::createSoundInternal             : exinfo->suggestedsoundtype = 5
[LOG] SystemI::createSoundInternal             : exinfo->useropen           = 00007FFB9F4CD3E0
[LOG] SystemI::createSoundInternal             : exinfo->userclose          = 00007FFB9F4CD3A0
[LOG] SystemI::createSoundInternal             : exinfo->userread           = 00007FFB9F4CD4C0
[LOG] SystemI::createSoundInternal             : exinfo->userseek           = 00007FFB9F4CD580
[LOG] SystemI::createSoundInternal             : exinfo->fileuserdata       = 0000024DFDB7D058
[LOG] SystemI::createSoundInternal             : exinfo->initialseekpostype = 1
[LOG] SystemI::DSPCodecPoolRegister            : register codec pool for pool type 4
[LOG] SystemI::createSoundInternal             : Sample 0/1: name='snow_footstep_1', format=5, channels=2, frequency=48000, lengthbytes=6304, lengthpcm=41472, pcmblocksize=0, loopstart=0, loopend=0, mode=0x00000000, channelmask=0x00000000, channelorder=0, peakvolume=0.314362.
[LOG] SystemI::createSoundInternal             : Create name='', mode=0x02000202
[LOG] SystemI::createSoundInternal             : exinfo->cbsize             = 224
[LOG] SystemI::createSoundInternal             : exinfo->length             = 43616
[LOG] SystemI::createSoundInternal             : exinfo->fileoffset         = 5152
[LOG] SystemI::createSoundInternal             : exinfo->numsubsounds       = 1
[LOG] SystemI::createSoundInternal             : exinfo->inclusionlist      = 0000004F386FF0A8
[LOG] SystemI::createSoundInternal             : exinfo->inclusionlistnum   = 1
[LOG] SystemI::createSoundInternal             : exinfo->suggestedsoundtype = 5
[LOG] SystemI::createSoundInternal             : exinfo->useropen           = 00007FFB9F4CD3E0
[LOG] SystemI::createSoundInternal             : exinfo->userclose          = 00007FFB9F4CD3A0
[LOG] SystemI::createSoundInternal             : exinfo->userread           = 00007FFB9F4CD4C0
[LOG] SystemI::createSoundInternal             : exinfo->userseek           = 00007FFB9F4CD580
[LOG] SystemI::createSoundInternal             : exinfo->fileuserdata       = 0000024DFDB79278
[LOG] SystemI::createSoundInternal             : exinfo->initialseekpostype = 1
[LOG] SystemI::DSPCodecPoolRegister            : register codec pool for pool type 4
[LOG] SystemI::createSoundInternal             : Sample 0/1: name='dash_1', format=5, channels=2, frequency=48000, lengthbytes=6816, lengthpcm=34560, pcmblocksize=0, loopstart=0, loopend=0, mode=0x00000000, channelmask=0x00000000, channelorder=0, peakvolume=0.316223.
[LOG] SystemI::createSound                     : filename = Assets/StreamingAssets/FMOD Banks/Desktop/MageBossRoom.bank : mode 02010082
[LOG] SystemI::createSound                     : FMOD_NONBLOCKING specified.  Putting into queue to be opened asynchronously!
[LOG] AsyncThread::add                         : add sound to async queue : soundi = 0000024ED989DBE8, queue head = 0000024FA8AF4FA8, queue count = 0
[LOG] AsyncThread::threadFunc                  : Starting Asynchronous operation on sound 0000024ED989DBE8
[LOG] SystemI::createSoundInternal             :     Create name='Assets/StreamingAssets/FMOD Banks/Desktop/MageBossRoom.bank', mode=0x02010082
[LOG] SystemI::createSoundInternal             :     exinfo->cbsize             = 224
[LOG] SystemI::createSoundInternal             :     exinfo->length             = 6024128
[LOG] SystemI::createSoundInternal             :     exinfo->fileoffset         = 23520
[LOG] SystemI::createSoundInternal             :     exinfo->numsubsounds       = 1
[LOG] SystemI::createSoundInternal             :     exinfo->inclusionlist      = 0000024DFC48EBC8
[LOG] SystemI::createSoundInternal             :     exinfo->inclusionlistnum   = 1
[LOG] SystemI::createSoundInternal             :     exinfo->suggestedsoundtype = 5
[LOG] SystemI::createSoundInternal             :     exinfo->initialseekpostype = 1
[LOG] SystemI::createSoundInternal             :     Stream 0/1: name='the_mage_1', format=5, channels=2, frequency=48000, lengthbytes=2067296, lengthpcm=7303836, pcmblocksize=0, loopstart=0, loopend=0, mode=0x00000000, channelmask=0x00000000, channelorder=0, peakvolume=0.999969.
[LOG] AsyncThread::threadFunc                  : Finished Asynchronous operation on sound 0000024ED989DBE8
[LOG] SystemI::createSoundInternal             : Create name='', mode=0x02000202
[LOG] SystemI::createSoundInternal             : exinfo->cbsize             = 224
[LOG] SystemI::createSoundInternal             : exinfo->length             = 6024128
[LOG] SystemI::createSoundInternal             : exinfo->fileoffset         = 23520
[LOG] SystemI::createSoundInternal             : exinfo->numsubsounds       = 1
[LOG] SystemI::createSoundInternal             : exinfo->inclusionlist      = 0000004F386FF0A8
[LOG] SystemI::createSoundInternal             : exinfo->inclusionlistnum   = 1
[LOG] SystemI::createSoundInternal             : exinfo->suggestedsoundtype = 5
[LOG] SystemI::createSoundInternal             : exinfo->useropen           = 00007FFB9F4CD3E0
[LOG] SystemI::createSoundInternal             : exinfo->userclose          = 00007FFB9F4CD3A0
[LOG] SystemI::createSoundInternal             : exinfo->userread           = 00007FFB9F4CD4C0
[LOG] SystemI::createSoundInternal             : exinfo->userseek           = 00007FFB9F4CD580
[LOG] SystemI::createSoundInternal             : exinfo->fileuserdata       = 0000024E00060018
[LOG] SystemI::createSoundInternal             : exinfo->initialseekpostype = 1
[LOG] SystemI::DSPCodecPoolRegister            : register codec pool for pool type 4
[LOG] SystemI::createSoundInternal             : Sample 0/1: name='bell_chimes_1', format=5, channels=2, frequency=48000, lengthbytes=151648, lengthpcm=461952, pcmblocksize=0, loopstart=0, loopend=0, mode=0x00000000, channelmask=0x00000000, channelorder=0, peakvolume=0.317627.
[LOG] BankLoader::serializeBank                : fileversion = 146, compatVersion = 146 (oldest = 44, newest = 146)
[LOG] SystemI::createSoundInternal             : Create name='', mode=0x02000202
[LOG] SystemI::createSoundInternal             : exinfo->cbsize             = 224
[LOG] SystemI::createSoundInternal             : exinfo->length             = 43616
[LOG] SystemI::createSoundInternal             : exinfo->fileoffset         = 5152
[LOG] SystemI::createSoundInternal             : exinfo->numsubsounds       = 1
[LOG] SystemI::createSoundInternal             : exinfo->inclusionlist      = 0000004F386FF0A8
[LOG] SystemI::createSoundInternal             : exinfo->inclusionlistnum   = 1
[LOG] SystemI::createSoundInternal             : exinfo->suggestedsoundtype = 5
[LOG] SystemI::createSoundInternal             : exinfo->useropen           = 00007FFB9F4CD3E0
[LOG] SystemI::createSoundInternal             : exinfo->userclose          = 00007FFB9F4CD3A0
[LOG] SystemI::createSoundInternal             : exinfo->userread           = 00007FFB9F4CD4C0
[LOG] SystemI::createSoundInternal             : exinfo->userseek           = 00007FFB9F4CD580
[LOG] SystemI::createSoundInternal             : exinfo->fileuserdata       = 0000024F47A46948
[LOG] SystemI::createSoundInternal             : exinfo->initialseekpostype = 1
[LOG] SystemI::DSPCodecPoolRegister            : register codec pool for pool type 4
[LOG] SystemI::createSoundInternal             : Sample 0/1: name='deep_boom', format=5, channels=2, frequency=48000, lengthbytes=20960, lengthpcm=99072, pcmblocksize=0, loopstart=0, loopend=0, mode=0x00000000, channelmask=0x00000000, channelorder=0, peakvolume=0.316193.
[LOG] SystemI::createSoundInternal             : Create name='', mode=0x02000202
[LOG] SystemI::createSoundInternal             : exinfo->cbsize             = 224
[LOG] SystemI::createSoundInternal             : exinfo->length             = 118752
[LOG] SystemI::createSoundInternal             : exinfo->fileoffset         = 9280
[LOG] SystemI::createSoundInternal             : exinfo->numsubsounds       = 1
[LOG] SystemI::createSoundInternal             : exinfo->inclusionlist      = 0000004F386FF0A8
[LOG] SystemI::createSoundInternal             : exinfo->inclusionlistnum   = 1
[LOG] SystemI::createSoundInternal             : exinfo->suggestedsoundtype = 5
[LOG] SystemI::createSoundInternal             : exinfo->useropen           = 00007FFB9F4CD3E0
[LOG] SystemI::createSoundInternal             : exinfo->userclose          = 00007FFB9F4CD3A0
[LOG] SystemI::createSoundInternal             : exinfo->userread           = 00007FFB9F4CD4C0
[LOG] SystemI::createSoundInternal             : exinfo->userseek           = 00007FFB9F4CD580
[LOG] SystemI::createSoundInternal             : exinfo->fileuserdata       = 0000024F47A46948
[LOG] SystemI::createSoundInternal             : exinfo->initialseekpostype = 1
[LOG] SystemI::DSPCodecPoolRegister            : register codec pool for pool type 4
[LOG] SystemI::createSoundInternal             : Sample 0/1: name='boss_yell', format=5, channels=2, frequency=48000, lengthbytes=47520, lengthpcm=221184, pcmblocksize=0, loopstart=0, loopend=0, mode=0x00000000, channelmask=0x00000000, channelorder=0, peakvolume=0.316254.
[LOG] SystemI::createSoundInternal             : Create name='', mode=0x02000202
[LOG] SystemI::createSoundInternal             : exinfo->cbsize             = 224
[LOG] SystemI::createSoundInternal             : exinfo->length             = 43616
[LOG] SystemI::createSoundInternal             : exinfo->fileoffset         = 5152
[LOG] SystemI::createSoundInternal             : exinfo->numsubsounds       = 1
[LOG] SystemI::createSoundInternal             : exinfo->inclusionlist      = 0000004F386FF0A8
[LOG] SystemI::createSoundInternal             : exinfo->inclusionlistnum   = 1
[LOG] SystemI::createSoundInternal             : exinfo->suggestedsoundtype = 5
[LOG] SystemI::createSoundInternal             : exinfo->useropen           = 00007FFB9F4CD3E0
[LOG] SystemI::createSoundInternal             : exinfo->userclose          = 00007FFB9F4CD3A0
[LOG] SystemI::createSoundInternal             : exinfo->userread           = 00007FFB9F4CD4C0
[LOG] SystemI::createSoundInternal             : exinfo->userseek           = 00007FFB9F4CD580
[LOG] SystemI::createSoundInternal             : exinfo->fileuserdata       = 0000024F47A46948
[LOG] SystemI::createSoundInternal             : exinfo->initialseekpostype = 1
[LOG] SystemI::DSPCodecPoolRegister            : register codec pool for pool type 4
[LOG] SystemI::createSoundInternal             : Sample 0/1: name='melee_swing_1', format=5, channels=2, frequency=48000, lengthbytes=5888, lengthpcm=23040, pcmblocksize=0, loopstart=0, loopend=0, mode=0x00000000, channelmask=0x00000000, channelorder=0, peakvolume=0.321289.
[LOG] SystemI::createSoundInternal             : Create name='', mode=0x02000202
[LOG] SystemI::createSoundInternal             : exinfo->cbsize             = 224
[LOG] SystemI::createSoundInternal             : exinfo->length             = 43616
[LOG] SystemI::createSoundInternal             : exinfo->fileoffset         = 5152
[LOG] SystemI::createSoundInternal             : exinfo->numsubsounds       = 1
[LOG] SystemI::createSoundInternal             : exinfo->inclusionlist      = 0000004F386FF0A8
[LOG] SystemI::createSoundInternal             : exinfo->inclusionlistnum   = 1
[LOG] SystemI::createSoundInternal             : exinfo->suggestedsoundtype = 5
[LOG] SystemI::createSoundInternal             : exinfo->useropen           = 00007FFB9F4CD3E0
[LOG] SystemI::createSoundInternal             : exinfo->userclose          = 00007FFB9F4CD3A0
[LOG] SystemI::createSoundInternal             : exinfo->userread           = 00007FFB9F4CD4C0
[LOG] SystemI::createSoundInternal             : exinfo->userseek           = 00007FFB9F4CD580
[LOG] SystemI::createSoundInternal             : exinfo->fileuserdata       = 0000024F47A46948
[LOG] SystemI::createSoundInternal             : exinfo->initialseekpostype = 1
[LOG] SystemI::DSPCodecPoolRegister            : register codec pool for pool type 4
[LOG] SystemI::createSoundInternal             : Sample 0/1: name='melee_hit', format=5, channels=2, frequency=48000, lengthbytes=9696, lengthpcm=46080, pcmblocksize=0, loopstart=0, loopend=0, mode=0x00000000, channelmask=0x00000000, channelorder=0, peakvolume=0.321808.
[LOG] SystemI::createSoundInternal             : Create name='', mode=0x02000202
[LOG] SystemI::createSoundInternal             : exinfo->cbsize             = 224
[LOG] SystemI::createSoundInternal             : exinfo->length             = 118752
[LOG] SystemI::createSoundInternal             : exinfo->fileoffset         = 9280
[LOG] SystemI::createSoundInternal             : exinfo->numsubsounds       = 1
[LOG] SystemI::createSoundInternal             : exinfo->inclusionlist      = 0000004F386FF0A8
[LOG] SystemI::createSoundInternal             : exinfo->inclusionlistnum   = 1
[LOG] SystemI::createSoundInternal             : exinfo->suggestedsoundtype = 5
[LOG] SystemI::createSoundInternal             : exinfo->useropen           = 00007FFB9F4CD3E0
[LOG] SystemI::createSoundInternal             : exinfo->userclose          = 00007FFB9F4CD3A0
[LOG] SystemI::createSoundInternal             : exinfo->userread           = 00007FFB9F4CD4C0
[LOG] SystemI::createSoundInternal             : exinfo->userseek           = 00007FFB9F4CD580
[LOG] SystemI::createSoundInternal             : exinfo->fileuserdata       = 0000024F47A46948
[LOG] SystemI::createSoundInternal             : exinfo->initialseekpostype = 1
[LOG] SystemI::DSPCodecPoolRegister            : register codec pool for pool type 4
[LOG] SystemI::createSoundInternal             : Sample 0/1: name='wooden_rattle_2', format=5, channels=2, frequency=48000, lengthbytes=29088, lengthpcm=141696, pcmblocksize=0, loopstart=0, loopend=0, mode=0x00000000, channelmask=0x00000000, channelorder=0, peakvolume=0.316193.
[LOG] SystemI::createSoundInternal             : Create name='', mode=0x02000202
[LOG] SystemI::createSoundInternal             : exinfo->cbsize             = 224
[LOG] SystemI::createSoundInternal             : exinfo->length             = 118752
[LOG] SystemI::createSoundInternal             : exinfo->fileoffset         = 9280
[LOG] SystemI::createSoundInternal             : exinfo->numsubsounds       = 1
[LOG] SystemI::createSoundInternal             : exinfo->inclusionlist      = 0000004F386FF0A8
[LOG] SystemI::createSoundInternal             : exinfo->inclusionlistnum   = 1
[LOG] SystemI::createSoundInternal             : exinfo->suggestedsoundtype = 5
[LOG] SystemI::createSoundInternal             : exinfo->useropen           = 00007FFB9F4CD3E0
[LOG] SystemI::createSoundInternal             : exinfo->userclose          = 00007FFB9F4CD3A0
[LOG] SystemI::createSoundInternal             : exinfo->userread           = 00007FFB9F4CD4C0
[LOG] SystemI::createSoundInternal             : exinfo->userseek           = 00007FFB9F4CD580
[LOG] SystemI::createSoundInternal             : exinfo->fileuserdata       = 0000024F47A46948
[LOG] SystemI::createSoundInternal             : exinfo->initialseekpostype = 1
[LOG] SystemI::DSPCodecPoolRegister            : register codec pool for pool type 4
[LOG] SystemI::createSoundInternal             : Sample 0/1: name='wooden_rattle_1', format=5, channels=2, frequency=48000, lengthbytes=12512, lengthpcm=50688, pcmblocksize=0, loopstart=0, loopend=0, mode=0x00000000, channelmask=0x00000000, channelorder=0, peakvolume=0.315674.
